vertices {
  <0,0,0,1>
  <0,1,0,1>
  <1,1,0,1>
  <1,0,0,1>
  <30,30,31,1>
  <30,31,31,1>
  <31,31,31,1>
  <31,30,31,1>
}
texture coordinates {
  <10,10,10>
  <10,11,10>
  <11,11,10>
  <11,10,10>
  <40,40,41>
  <40,41,41>
  <41,41,41>
  <41,40,41>
}
normals {
  <20,20,20>
  <20,21,20>
  <21,21,20>
  <21,20,20>
  <50,50,51>
  <50,51,51>
  <51,51,51>
  <51,50,51>
}
point {
  groups: g_a g_b g_c
  object: 'o_1'
  material: 'mtl_foo'
  materiallibs: mtllib_bar1 mtllib_foo1
  texmap: 'map_foo'
  texmaplibs: maplib_bar1 maplib_foo1
  shadow_obj: 'so_1'
  trace_obj: 'to_1'
  smoothing group: '1'
  bevel: '1'
  c_interp: '1'
  d_interp: '1'
  lod: '1'
  vertices: 1 2 3 
}
point {
  groups: g_a
  object: 'o_2'
  material: 'mtl_bar'
  materiallibs: mtllib_bar2 mtllib_foo2
  texmap: 'map_bar'
  texmaplibs: maplib_bar2 maplib_foo2
  shadow_obj: 'so_2'
  trace_obj: 'to_2'
  smoothing group: '4'
  bevel: '0'
  c_interp: '0'
  d_interp: '0'
  lod: '2'
  vertices: 1 3 4 
}
point {
  groups: g_h g_i g_j
  object: 'o_1'
  material: 'mtl_foo'
  materiallibs: mtllib_bar1 mtllib_foo1
  texmap: 'map_foo'
  texmaplibs: maplib_bar1 maplib_foo1
  shadow_obj: 'so_1'
  trace_obj: 'to_1'
  smoothing group: '0'
  bevel: '0'
  c_interp: '0'
  d_interp: '0'
  lod: '0'
  vertices: 5 6 7 
}
point {
  groups: g_e
  object: 'o_3'
  material: 'mtl_foobar'
  materiallibs: mtllib_foobar
  texmap: 'map_foobar'
  texmaplibs: maplib_foobar
  shadow_obj: 'o_3'
  trace_obj: 'to_3'
  smoothing group: '1'
  bevel: '1'
  c_interp: '1'
  d_interp: '1'
  lod: '1'
  vertices: 5 7 8 
}
line {
  groups: g_a g_b g_c
  object: 'o_1'
  material: 'mtl_foo'
  materiallibs: mtllib_bar1 mtllib_foo1
  texmap: 'map_foo'
  texmaplibs: maplib_bar1 maplib_foo1
  shadow_obj: 'so_1'
  trace_obj: 'to_1'
  smoothing group: '1'
  bevel: '1'
  c_interp: '1'
  d_interp: '1'
  lod: '1'
  vertices: 1 2 3 
}
line {
  groups: g_e
  object: 'o_3'
  material: 'mtl_foobar'
  materiallibs: mtllib_foobar
  texmap: 'map_foobar'
  texmaplibs: maplib_foobar
  shadow_obj: 'o_3'
  trace_obj: 'to_3'
  smoothing group: '1'
  bevel: '1'
  c_interp: '1'
  d_interp: '1'
  lod: '1'
  vertices: 5 7 8 
}
textured line {
  groups: g_a
  object: 'o_2'
  material: 'mtl_bar'
  materiallibs: mtllib_bar2 mtllib_foo2
  texmap: 'map_bar'
  texmaplibs: maplib_bar2 maplib_foo2
  shadow_obj: 'so_2'
  trace_obj: 'to_2'
  smoothing group: '4'
  bevel: '0'
  c_interp: '0'
  d_interp: '0'
  lod: '2'
  vertices: 1/1 3/3 4/4 
}
textured line {
  groups: g_h g_i g_j
  object: 'o_1'
  material: 'mtl_foo'
  materiallibs: mtllib_bar1 mtllib_foo1
  texmap: 'map_foo'
  texmaplibs: maplib_bar1 maplib_foo1
  shadow_obj: 'so_1'
  trace_obj: 'to_1'
  smoothing group: '0'
  bevel: '0'
  c_interp: '0'
  d_interp: '0'
  lod: '0'
  vertices: 5/5 6/6 7/7 
}
face {
  groups: g_a g_b g_c
  object: 'o_1'
  material: 'mtl_foo'
  materiallibs: mtllib_bar1 mtllib_foo1
  texmap: 'map_foo'
  texmaplibs: maplib_bar1 maplib_foo1
  shadow_obj: 'so_1'
  trace_obj: 'to_1'
  smoothing group: '1'
  bevel: '1'
  c_interp: '1'
  d_interp: '1'
  lod: '1'
  vertices: 1 2 3 
}
face {
  groups: g_a
  object: 'o_2'
  material: 'mtl_bar'
  materiallibs: mtllib_bar2 mtllib_foo2
  texmap: ''
  texmaplibs: maplib_bar2 maplib_foo2
  shadow_obj: 'so_2'
  trace_obj: 'to_2'
  smoothing group: '4'
  bevel: '0'
  c_interp: '0'
  d_interp: '0'
  lod: '2'
  vertices: 1 4 3 
}
textured face {
  groups: g_h g_i g_j
  object: 'o_1'
  material: 'mtl_foo'
  materiallibs: mtllib_bar1 mtllib_foo1
  texmap: 'map_foo'
  texmaplibs: maplib_bar1 maplib_foo1
  shadow_obj: 'so_1'
  trace_obj: 'to_1'
  smoothing group: '0'
  bevel: '0'
  c_interp: '0'
  d_interp: '0'
  lod: '0'
  vertices: 5/5 6/6 7/7 
}
oriented face {
  groups: g_e
  object: 'o_3'
  material: 'mtl_foobar'
  materiallibs: mtllib_foobar
  texmap: 'map_foobar'
  texmaplibs: maplib_foobar
  shadow_obj: 'o_3'
  trace_obj: 'to_3'
  smoothing group: '1'
  bevel: '1'
  c_interp: '1'
  d_interp: '1'
  lod: '1'
  vertices: 5//5 7//7 8//8 
}
textured oriented face {
  groups: g_a
  object: 'o_2'
  material: 'mtl_bar'
  materiallibs: mtllib_bar2 mtllib_foo2
  texmap: 'map_bar'
  texmaplibs: maplib_bar2 maplib_foo2
  shadow_obj: 'so_2'
  trace_obj: 'to_2'
  smoothing group: '4'
  bevel: '0'
  c_interp: '0'
  d_interp: '0'
  lod: '2'
  vertices: 1/1/1 3/3/3 4/4/4 
}
