vertices {
  <0,0,0,1>
  <0,1,0,1>
  <1,1,0,1>
  <1,0,0,1>
  <0,0,1,1>
  <0,1,1,1>
  <1,1,1,1>
  <1,0,1,1>
}
texture coordinates {
  <0,0,0>
  <0,1,0>
  <1,1,0>
  <1,0,0>
  <0,0,1>
  <0,1,1>
  <1,1,1>
  <1,0,1>
}
normals {
  <0,0,0>
  <0,1,0>
  <1,1,0>
  <1,0,0>
  <0,0,1>
  <0,1,1>
  <1,1,1>
  <1,0,1>
}
face {
  groups: a b c
  object: ''
  material: ''
  materiallibs: 
  texmap: ''
  texmaplibs: 
  shadow_obj: ''
  trace_obj: ''
  smoothing group: '0'
  bevel: '0'
  c_interp: '0'
  d_interp: '0'
  lod: '0'
  vertices: 1 2 3 
}
textured face {
  groups: h i j
  object: ''
  material: ''
  materiallibs: 
  texmap: ''
  texmaplibs: 
  shadow_obj: ''
  trace_obj: ''
  smoothing group: '0'
  bevel: '0'
  c_interp: '0'
  d_interp: '0'
  lod: '0'
  vertices: 5/5 6/6 7/7 
}
oriented face {
  groups: e
  object: ''
  material: ''
  materiallibs: 
  texmap: ''
  texmaplibs: 
  shadow_obj: ''
  trace_obj: ''
  smoothing group: '0'
  bevel: '0'
  c_interp: '0'
  d_interp: '0'
  lod: '0'
  vertices: 5//5 7//7 8//8 
}
textured oriented face {
  groups: a
  object: ''
  material: ''
  materiallibs: 
  texmap: ''
  texmaplibs: 
  shadow_obj: ''
  trace_obj: ''
  smoothing group: '0'
  bevel: '0'
  c_interp: '0'
  d_interp: '0'
  lod: '0'
  vertices: 1/1/1 3/3/3 4/4/4 
}
