vertices {
  <0,0,0,1>
  <0,1,0,1>
  <1,1,0,1>
  <1,0,0,1>
  <0,0,1,1>
  <0,1,1,1>
  <1,1,1,1>
  <1,0,1,1>
}
texture coordinates {
  <10,10,10>
  <10,11,10>
  <11,11,10>
  <11,10,10>
  <10,10,11>
  <10,11,11>
  <11,11,11>
  <11,10,11>
}
normals {
  <20,20,20>
  <20,21,20>
  <21,21,20>
  <21,20,20>
  <20,20,21>
  <20,21,21>
  <21,21,21>
  <21,20,21>
}
point {
  groups: default
  object: ''
  material: ''
  materiallibs: 
  texmap: ''
  texmaplibs: 
  shadow_obj: ''
  trace_obj: ''
  smoothing group: '0'
  bevel: '0'
  c_interp: '0'
  d_interp: '0'
  lod: '0'
  vertices: 1 
}
point {
  groups: default
  object: ''
  material: ''
  materiallibs: 
  texmap: ''
  texmaplibs: 
  shadow_obj: ''
  trace_obj: ''
  smoothing group: '0'
  bevel: '0'
  c_interp: '0'
  d_interp: '0'
  lod: '0'
  vertices: 1 3 
}
point {
  groups: default
  object: ''
  material: ''
  materiallibs: 
  texmap: ''
  texmaplibs: 
  shadow_obj: ''
  trace_obj: ''
  smoothing group: '0'
  bevel: '0'
  c_interp: '0'
  d_interp: '0'
  lod: '0'
  vertices: 5 6 7 
}
point {
  groups: default
  object: ''
  material: ''
  materiallibs: 
  texmap: ''
  texmaplibs: 
  shadow_obj: ''
  trace_obj: ''
  smoothing group: '0'
  bevel: '0'
  c_interp: '0'
  d_interp: '0'
  lod: '0'
  vertices: 1 2 3 4 5 6 7 
}
