vertices {
  <0,0,0,1>
  <0,1,0,1>
  <1,1,0,1>
  <1,0,0,1>
  <0,0,1,1>
  <0,1,1,1>
  <1,1,1,1>
  <1,0,1,1>
}
texture coordinates {
  <0,0,0>
  <0,1,0>
  <1,1,0>
  <1,0,0>
  <0,0,1>
  <0,1,1>
  <1,1,1>
  <1,0,1>
}
normals {
  <0,0,0>
  <0,1,0>
  <1,1,0>
  <1,0,0>
  <0,0,1>
  <0,1,1>
  <1,1,1>
  <1,0,1>
}
oriented face {
  groups: default
  object: ''
  material: ''
  materiallibs: 
  texmap: ''
  texmaplibs: 
  shadow_obj: ''
  trace_obj: ''
  smoothing group: '0'
  bevel: '0'
  c_interp: '0'
  d_interp: '0'
  lod: '0'
  vertices: 1//1 2//2 3//3 
}
oriented face {
  groups: default
  object: ''
  material: ''
  materiallibs: 
  texmap: ''
  texmaplibs: 
  shadow_obj: ''
  trace_obj: ''
  smoothing group: '0'
  bevel: '0'
  c_interp: '0'
  d_interp: '0'
  lod: '0'
  vertices: 1//1 3//3 4//4 
}
oriented face {
  groups: default
  object: ''
  material: ''
  materiallibs: 
  texmap: ''
  texmaplibs: 
  shadow_obj: ''
  trace_obj: ''
  smoothing group: '0'
  bevel: '0'
  c_interp: '0'
  d_interp: '0'
  lod: '0'
  vertices: 5//5 6//6 7//7 
}
oriented face {
  groups: default
  object: ''
  material: ''
  materiallibs: 
  texmap: ''
  texmaplibs: 
  shadow_obj: ''
  trace_obj: ''
  smoothing group: '0'
  bevel: '0'
  c_interp: '0'
  d_interp: '0'
  lod: '0'
  vertices: 5//5 7//7 8//8 
}
